// Jest Snapshot v1, https://goo.gl/fbAQLP

exports[`<TextAreaInput /> should match the snapshot 1`] = `
<div>
  <textarea
    data-testid="TextAreaInput"
  />
</div>
`;
