// Jest Snapshot v1, https://goo.gl/fbAQLP

exports[`<Portal /> should match the snapshot 1`] = `
<div>
  <div>
    <p>
      marklar
    </p>
  </div>
</div>
`;
