// Jest Snapshot v1, https://goo.gl/fbAQLP

exports[`<TreeView /> should match the snapshot 1`] = `
<div>
  <ul
    class="TreeView"
    data-testid="UncontrolledTreeView"
    role="tree"
  />
</div>
`;
