// Jest Snapshot v1, https://goo.gl/fbAQLP

exports[`<Fieldset /> should match the snapshot 1`] = `
<div>
  <fieldset
    class="Fieldset"
    data-testid="Fieldset"
  />
</div>
`;
