// Jest Snapshot v1, https://goo.gl/fbAQLP

exports[`<Input /> should match the snapshot 1`] = `
<div>
  <input
    data-testid="Input"
  />
</div>
`;
