// Jest Snapshot v1, https://goo.gl/fbAQLP

exports[`<Toggle /> should match the snapshot 1`] = `
<div>
  <label
    class="Toggle"
    data-testid="Toggle"
  >
    <input
      class="input"
      type="checkbox"
      value=""
    />
    <div
      class="container"
    >
      <div
        class="switch"
      >
        <span
          class="ball"
        />
      </div>
    </div>
  </label>
</div>
`;
