// Jest Snapshot v1, https://goo.gl/fbAQLP

exports[`<LinkButton /> should match the snapshot 1`] = `
<div>
  <a
    class="LinkButton contained primary"
    data-testid="LinkButton"
  />
</div>
`;
